// Jest Snapshot v1, https://goo.gl/fbAQLP

exports[`<ChatList /> renders correctly 1`] = `
<ul
  className="MuiList-root-7 MuiList-padding-8 ChatList-chatsList-6"
>
  ChatListItem-12345
  ChatListItem-54321
</ul>
`;

exports[`<ChatList /> renders without chats 1`] = `
<ul
  className="MuiList-root-7 MuiList-padding-8 ChatList-chatsList-6"
>
  <h3
    className="MuiTypography-root-11 MuiTypography-subheading-18"
  >
    There is no chats yet...
  </h3>
</ul>
`;
