// Jest Snapshot v1, https://goo.gl/fbAQLP

exports[`<SignupForm /> renders correctly 1`] = `
<form
  onSubmit={[Function]}
>
  <div
    aria-describedby={undefined}
    className="MuiFormControl-root-55 MuiFormControl-marginNormal-56 MuiFormControl-fullWidth-58"
    onBlur={[Function]}
    onFocus={[Function]}
  >
    <label
      className="MuiFormLabel-root-64 MuiInputLabel-root-59 MuiInputLabel-formControl-60 MuiInputLabel-animated-63"
      data-shrink={false}
      htmlFor={undefined}
    >
      Username
      <span
        className="MuiFormLabel-asterisk-68"
      >
         *
      </span>
    </label>
    <div
      className="MuiInput-root-69 MuiInput-fullWidth-76 MuiInput-formControl-70 MuiInput-underline-73"
    >
      <input
        aria-invalid={false}
        aria-required={true}
        autoComplete="username"
        autoFocus={undefined}
        className="MuiInput-input-77"
        defaultValue={undefined}
        disabled={false}
        id={undefined}
        name="username"
        onBlur={[Function]}
        onChange={[Function]}
        onFocus={[Function]}
        onKeyDown={undefined}
        onKeyUp={undefined}
        placeholder="Type your username..."
        readOnly={undefined}
        required={true}
        rows={undefined}
        type="text"
        value=""
      />
    </div>
  </div>
  <div
    aria-describedby={undefined}
    className="MuiFormControl-root-55 MuiFormControl-marginNormal-56 MuiFormControl-fullWidth-58"
    onBlur={[Function]}
    onFocus={[Function]}
  >
    <label
      className="MuiFormLabel-root-64 MuiInputLabel-root-59 MuiInputLabel-formControl-60 MuiInputLabel-animated-63"
      data-shrink={false}
      htmlFor={undefined}
    >
      Password
      <span
        className="MuiFormLabel-asterisk-68"
      >
         *
      </span>
    </label>
    <div
      className="MuiInput-root-69 MuiInput-fullWidth-76 MuiInput-formControl-70 MuiInput-underline-73"
    >
      <input
        aria-invalid={false}
        aria-required={true}
        autoComplete="new-password"
        autoFocus={undefined}
        className="MuiInput-input-77 MuiInput-inputType-80"
        defaultValue={undefined}
        disabled={false}
        id={undefined}
        name="password"
        onBlur={[Function]}
        onChange={[Function]}
        onFocus={[Function]}
        onKeyDown={undefined}
        onKeyUp={undefined}
        placeholder="Type your username..."
        readOnly={undefined}
        required={true}
        rows={undefined}
        type="password"
        value=""
      />
    </div>
  </div>
  <div
    aria-describedby={undefined}
    className="MuiFormControl-root-55 MuiFormControl-marginNormal-56 MuiFormControl-fullWidth-58"
    onBlur={[Function]}
    onFocus={[Function]}
  >
    <label
      className="MuiFormLabel-root-64 MuiInputLabel-root-59 MuiInputLabel-formControl-60 MuiInputLabel-animated-63"
      data-shrink={false}
      htmlFor={undefined}
    >
      Repeat password
      <span
        className="MuiFormLabel-asterisk-68"
      >
         *
      </span>
    </label>
    <div
      className="MuiInput-root-69 MuiInput-fullWidth-76 MuiInput-formControl-70 MuiInput-underline-73"
    >
      <input
        aria-invalid={false}
        aria-required={true}
        autoComplete="new-password"
        autoFocus={undefined}
        className="MuiInput-input-77 MuiInput-inputType-80"
        defaultValue={undefined}
        disabled={false}
        id={undefined}
        name="repeatedPassword"
        onBlur={[Function]}
        onChange={[Function]}
        onFocus={[Function]}
        onKeyDown={undefined}
        onKeyUp={undefined}
        placeholder="Type your username..."
        readOnly={undefined}
        required={true}
        rows={undefined}
        type="password"
        value=""
      />
    </div>
  </div>
  <button
    className="MuiButtonBase-root-97 MuiButton-root-82 MuiButton-raised-87 MuiButton-raisedPrimary-88 MuiButton-fullWidth-96 SignupForm-signUpButton-54"
    disabled={false}
    onBlur={[Function]}
    onFocus={[Function]}
    onKeyDown={[Function]}
    onKeyUp={[Function]}
    onMouseDown={[Function]}
    onMouseLeave={[Function]}
    onMouseUp={[Function]}
    onTouchEnd={[Function]}
    onTouchMove={[Function]}
    onTouchStart={[Function]}
    tabIndex="0"
    type="submit"
  >
    <span
      className="MuiButton-label-83"
    >
      Signup
    </span>
    <span
      className="MuiTouchRipple-root-100"
    />
  </button>
</form>
`;
